
> @casa-da-cuncheira@0.0.1 build
> vite build

vite v6.3.5 building for production...
transforming...
✓ 1700 modules transformed.
✗ Build failed in 760ms
error during build:
[vite:esbuild] Transform failed with 1 error:
/Users/futesat/Work/casadacuncheira2/src/app/components/RouteMap.tsx:306:111: ERROR: The character ">" is not valid inside a JSX element
file: /Users/futesat/Work/casadacuncheira2/src/app/components/RouteMap.tsx:306:111

The character ">" is not valid inside a JSX element
304|                      <div className="flex items-center gap-2">
305|                          <div className="w-3 h-3 rounded-full bg-[#ef4444]" />
306|                          <span className="text-[10px] font-bold uppercase text-slate-500 tracking-wider">Steep (>12%)</span>
   |                                                                                                                 ^
307|                      </div>
308|                      <div className="flex items-center gap-2">

    at failureErrorWithLog (/Users/futesat/Work/casadacuncheira2/node_modules/esbuild/lib/main.js:1467:15)
    at /Users/futesat/Work/casadacuncheira2/node_modules/esbuild/lib/main.js:736:50
    at responseCallbacks.<computed> (/Users/futesat/Work/casadacuncheira2/node_modules/esbuild/lib/main.js:603:9)
    at handleIncomingPacket (/Users/futesat/Work/casadacuncheira2/node_modules/esbuild/lib/main.js:658:12)
    at Socket.readFromStdout (/Users/futesat/Work/casadacuncheira2/node_modules/esbuild/lib/main.js:581:7)
    at Socket.emit (node:events:507:28)
    at addChunk (node:internal/streams/readable:559:12)
    at readableAddChunkPushByteMode (node:internal/streams/readable:510:3)
    at Readable.push (node:internal/streams/readable:390:5)
    at Pipe.onStreamRead (node:internal/stream_base_commons:189:23)
